# box.insert(["0", "x"])
1

# box.insert(["1", "x"])
1

# box.insert(["2", "x"])
1

# box.select(["0", "1", "2"])
[["0", "x"], ["1", "x"], ["2", "x"]]

# box.select("x", {:index=>1})
[["0", "x"], ["1", "x"], ["2", "x"]]

