# box.insert([1])
1

# box.insert([2])
1

# box.select([1, 2])
[["\x01\x00\x00\x00"], ["\x02\x00\x00\x00"]]

# box.select([1, 2])
[["\x01\x00\x00\x00"], ["\x02\x00\x00\x00"]]

# box.insert([3])
1

# box.select([1, 2, 3])
[["\x01\x00\x00\x00"], ["\x02\x00\x00\x00"], ["\x03\x00\x00\x00"]]

# box.select([1, 2, 3])
[["\x01\x00\x00\x00"], ["\x02\x00\x00\x00"], ["\x03\x00\x00\x00"]]

